node.exe : FAIL __tests__/ut
ils/valitators.ts
At line:1 char:1
+ & "C:\Program Files\nodejs
/node.exe" "C:\Users\Davut\A
ppData\Roaming\ ...
+ ~~~~~~~~~~~~~~~~~~~~~~~~~~
~~~~~~~~~~~~~~~~~~~~~~~~~~~~
~~~~~~~~~~~~~~~
    + CategoryInfo          
    : NotSpecified: (FAIL   
  __tests__/utils/valitat   
 ors.ts:String) [], Remo    
teException
    + FullyQualifiedErrorId 
    : NativeCommandError
 
  validateEmail
    ÔêÜ should return true f
or valid emails (3 ms)
    ÔêÜ should return false 
for invalid emails
    ÔêÜ should return false 
for null or undefined
    ÔêÜ should return false 
for non-string values (1 ms)
  validatePassword
    ÔêÜ should return true f
or valid passwords (1 ms)
    ÔêÜ should return false 
for passwords less than 8 ch
aracters
    ÔêÜ should return false 
for passwords without upperc
ase (1 ms)
    ÔêÜ should return false 
for passwords without lowerc
ase
    ÔêÜ should return false 
for passwords without number
s
    ÔêÜ should return false 
for null or undefined (1 ms)
    ÔêÜ should return false 
for non-string values
  isEmpty
    ÔêÜ should return true f
or empty or whitespace strin
gs
    ÔêÜ should return false 
for non-empty strings (1 ms)
    ├ù should return true fo
r null or undefined (2 ms)
    ÔêÜ should return true f
or non-string values
  validateLength
    ÔêÜ should return true f
or strings within range
    ÔêÜ should return false 
for strings outside range
    ÔêÜ should return false 
for null or undefined (1 ms)
    ÔêÜ should return false 
for non-string values

  ÔùÅ isEmpty ÔÇ║ should ret
urn true for null or undefin
ed

    expect(received).toBe(ex
pected) // Object.is equalit
y

    Expected: true
    Received: false

    [0m [90m 107 |[39m   
  [90m// Kenar Durumu: Null
 ve undefined de─şerler "bo┼
ş" olarak kabul edilir (true
).[39m
     [90m 108 |[39m     it
([32m'should return true fo
r null or undefined'[39m[3
3m,[39m () [33m=>[39m {
    [31m[1m>[22m[39m[90
m 109 |[39m       expect(is
Empty([36mnull[39m))[33m.
[39mtoBe([36mtrue[39m)[3
3m;[39m
     [90m     |[39m       
                      [31m
[1m^[22m[39m
     [90m 110 |[39m       
expect(isEmpty(undefined))[
33m.[39mtoBe([36mtrue[39m
)[33m;[39m
     [90m 111 |[39m     })
[33m;[39m
     [90m 112 |[39m[0m

      at Object.<anonymous> 
(__tests__/utils/valitators.
ts:109:29)

Test Suites: 1 failed, 1 tot
al
Tests:       1 failed, 18 pa
ssed, 19 total
Snapshots:   0 total
Time:        1.137 s
Ran all test suites matching
 __tests__/utils/valitators.
ts.
