
> blog-api@1.0.0 test:integration
> cross-env NODE_ENV=test NODE_OPTIONS=--experimental-vm-modules jest --config jest.integration.config.ts --runInBand --verbose

node.exe : ts-jest[con
fig] (WARN) 
At line:1 char:1
+ & "C:\Program Files\
nodejs/node.exe" "C:\U
sers\Davut\AppData\Roa
ming\ ...
+ ~~~~~~~~~~~~~~~~~~~~
~~~~~~~~~~~~~~~~~~~~~~
~~~~~~~~~~~~~~~~~~~~~~
~~~~~
    + CategoryInfo    
          : NotSpeci  
  fied: (ts-jest[co   
 nfig] (WARN) :Str    
ing) [], RemoteEx    c
eption
    + FullyQualifiedE 
   rrorId : NativeCo  
  mmandError
 
    The "ts-jest" conf
ig option "isolatedMod
ules" is deprecated an
d will be removed in v
30.0.0. Please use "is
olatedModules: true" i
n D:/SoftWare/OnlyJs/B
ackend/backend-project
s/blog-api/tsconfig.js
on instead, see https:
//www.typescriptlang.o
rg/tsconfig/#isolatedM
odules
  
  console.log
    ­şôè Integration Test Setup: Database URL loaded from .env.test

      at __tests__/setup/integration-setup.ts:22:9

  console.log
       Database: blog_test

      at __tests__/setup/integration-setup.ts:23:9

(node:6892) Experiment
alWarning: VM Modules 
is an experimental fea
ture and might change 
at any time
(Use `node --trace-war
nings ...` to show whe
re the warning was cre
ated)
  console.log
    prisma:error 
    Invalid `prisma.user.create()` invocation in
    D:\SoftWare\OnlyJs\Backend\backend-projects\blog-api\src\services\user.ts:29:36
    
      26 
      27 const hashedPassword = await bcrypt.hash(password, 10);
      28 
    ÔåÆ 29 const user = await prisma.user.create(
    Unique constraint failed on the fields: (`email`)

      at Object.mc (src/generated/prisma/runtime/library.js:21:432)

  console.log
    prisma:error 
    Invalid `prisma.user.create()` invocation in
    D:\SoftWare\OnlyJs\Backend\backend-projects\blog-api\src\services\user.ts:29:36
    
      26 
      27 const hashedPassword = await bcrypt.hash(password, 10);
      28 
    ÔåÆ 29 const user = await prisma.user.create(
    Unique constraint failed on the fields: (`email`)

      at Object.mc (src/generated/prisma/runtime/library.js:21:432)

FAIL __tests__/integra
tion/edge-cases.test.t
s
  Edge Cases & Error S
cenarios
    Invalid Input Hand
ling
      ÔêÜ should handl
e missing request body
 (111 ms)
      ÔêÜ should handl
e malformed JSON (36 m
s)
      ÔêÜ should handl
e null values (40 ms)
      ÔêÜ should handl
e empty strings (36 ms
)
    SQL Injection Prev
ention
      ÔêÜ should handl
e SQL injection attemp
ts in email (39 ms)
      ÔêÜ should handl
e special characters i
n search (41 ms)
    JWT Token Edge Cas
es
      ÔêÜ should handl
e expired token (36 ms
)
      ÔêÜ should handl
e token with invalid s
ignature (36 ms)
      ÔêÜ should handl
e malformed token (35 
ms)
      ÔêÜ should handl
e token without Bearer
 prefix (31 ms)
    Database Constrain
t Violations
      ÔêÜ should handl
e duplicate email regi
stration (121 ms)
      ├ù should handle
 very long input strin
gs (111 ms)
    Concurrent Request
 Handling
      ÔêÜ should handl
e concurrent registrat
ions with same email (
172 ms)
    404 Handling
      ÔêÜ should retur
n 404 for unknown rout
es (37 ms)
      ÔêÜ should retur
n 404 for non-existent
 resource (39 ms)
    Request Size Limit
s
      ÔêÜ should handl
e extremely large payl
oads (46 ms)
    Pagination & Filte
ring Edge Cases
      ÔêÜ should handl
e non-numeric page par
ameter (32 ms)
      ÔêÜ should handl
e negative limit param
eter (46 ms)
    UUID Validation
      ÔêÜ should handl
e malformed UUID in ro
utes (43 ms)
    Security & Input S
anitization
      ÔêÜ should store
 XSS payloads without 
executing (backend sto
rage check) (150 ms)
      ÔêÜ should rejec
t requests with missin
g Content-Type for JSO
N body (40 ms)

  ÔùÅ Edge Cases & Err
or Scenarios ÔÇ║ Datab
ase Constraint Violati
ons ÔÇ║ should handle 
very long input string
s

    expect(received).t
oBe(expected) // Objec
t.is equality

    Expected: 400
    Received: 201

    [0m [90m 160 |[
39m         })[33m;[
39m
     [90m 161 |[39m
    [31m[1m>[22m[3
9m[90m 162 |[39m    
   expect(response[33
m.[39mstatus)[33m.[
39mtoBe([35m400[39m)
[33m;[39m
     [90m     |[39m 
                      
        [31m[1m^[22
m[39m
     [90m 163 |[39m 
    })[33m;[39m
     [90m 164 |[39m 
  })[33m;[39m
     [90m 165 |[39m
[0m

      at Object.<anony
mous> (__tests__/integ
ration/edge-cases.test
.ts:162:31)

  console.log
    ­şôè Integration Test Setup: Database URL loaded from .env.test

      at __tests__/setup/integration-setup.ts:22:9

  console.log
       Database: blog_test

      at __tests__/setup/integration-setup.ts:23:9

PASS __tests__/integra
tion/posts.test.ts
  Posts API Integratio
n Tests
    POST /api/posts
      ÔêÜ should creat
e a new post with vali
d token (165 ms)
      ÔêÜ should retur
n 401 without authenti
cation (114 ms)
      ÔêÜ should retur
n 400 for short title 
(126 ms)
      ÔêÜ should retur
n 400 for short conten
t (113 ms)
    GET /api/posts
      ÔêÜ should get a
ll posts (146 ms)
      ÔêÜ should filte
r published posts (130
 ms)
      ÔêÜ should suppo
rt pagination (131 ms)
    GET /api/posts/:id
      ÔêÜ should get p
ost by id (122 ms)
      ÔêÜ should retur
n 404 for non-existent
 post (137 ms)
    PUT /api/posts/:id
      ÔêÜ should updat
e own post (160 ms)
      ÔêÜ should retur
n 403 when updating ot
hers post (203 ms)
      ÔêÜ should retur
n 401 without authenti
cation (142 ms)
    DELETE /api/posts/
:id
      ÔêÜ should delet
e own post (131 ms)
      ÔêÜ should retur
n 403 when deleting ot
hers post (350 ms)
      ÔêÜ should retur
n 401 without authenti
cation (128 ms)

  console.log
    ­şôè Integration Test Setup: Database URL loaded from .env.test

      at __tests__/setup/integration-setup.ts:22:9

  console.log
       Database: blog_test

      at __tests__/setup/integration-setup.ts:23:9

PASS __tests__/integra
tion/auth.test.ts
  Auth API Integration
 Tests
    POST /api/auth/reg
ister
      ÔêÜ should regis
ter a new user with va
lid data (184 ms)
      ÔêÜ should retur
n 400 for invalid emai
l (33 ms)
      ÔêÜ should retur
n 400 for weak passwor
d (34 ms)
      ÔêÜ should retur
n 400 for short name (
232 ms)
      ÔêÜ should retur
n 409 for duplicate em
ail (153 ms)
    POST /api/auth/log
in
      ÔêÜ should login
 with correct credenti
als (204 ms)
      ÔêÜ should retur
n 401 for wrong passwo
rd (192 ms)
      ÔêÜ should retur
n 401 for non-existent
 user (124 ms)
      ÔêÜ should retur
n 400 for missing cred
entials (107 ms)
    GET /api/auth/prof
ile
      ÔêÜ should retur
n user profile with va
lid token (115 ms)
      ÔêÜ should retur
n 401 without token (1
12 ms)
      ÔêÜ should retur
n 401 with invalid tok
en (107 ms)
      ÔêÜ should retur
n 401 with malformed a
uthorization header (1
17 ms)

Test Suites: 1 failed,
 2 passed, 3 total
Tests:       1 failed,
 48 passed, 49 total
Snapshots:   0 total
Time:        6.826 s, 
estimated 7 s
Ran all test suites.
Force exiting Jest: Ha
ve you considered usin
g `--detectOpenHandles
` to detect async oper
ations that kept runni
ng after all tests fin
ished?
